<div></div>
<div class="hidden"></div>
<div></div>
<div></div>
<div></div>
<div></div>
