<!DOCTYPE html>
<html lang="en">
  <body>
    <div></div>
    <div></div>
    <div></div>

    <div class="exists-only"></div>
    <div class="exists-first exists-last"></div>
    <div class="exists-first exists-middle exists-last"></div>

    <div class="exists-last"></div>
    <div class="exists-first"></div>

    <div class="exists-first"></div>
    <div class="exists-middle"></div>
    <div class="exists-last"></div>

    <div class="exists-first exists-middle"></div>
    <div class="exists-middle exists-last"></div>
    <div class="exists-first exists-last"></div>
  </body>
</html>
