<!DOCTYPE html>
<html lang="en">
  <body>
    <div></div>
  </body>
</html>
