<script>alert('hi');</script>
<script src="script.js"></script>
<noscript>noscript.js</noscript>

<script id="testTemplate" type="text/html">
  <div></div>
  <div class="exists-only"></div>
</script>
