<div></div>

<div data-bind="css:{ single: observable() }"></div>
<div data-bind="css:{ 'dashed-only': observable() }"></div>
<div data-bind="css:{ 'dashed-first dashed-last': observable() }"></div>
<div data-bind="css:{ 'dashed-first dashed-middle dashed-last': observable() }"></div>

<div data-bind="css:{ 'exists-single': observable() }"></div>
<div data-bind="css:{ 'exists-dashed-only': observable() }"></div>
<div data-bind="css:{ 'exists-dashed-first exists-dashed-last': observable() }"></div>
<div data-bind="css:{ 'exists-dashed-first exists-dashed-middle exists-dashed-last': observable() }"></div>

<div data-bind="css:{ 'exists-dashed-first': observable() }"></div>
<div data-bind="css:{ 'exists-dashed-middle': observable() }"></div>
<div data-bind="css:{ 'exists-dashed-last': observable() }"></div>

<div data-bind="css:{ 'exists-dashed-first exists-dashed-middle': observable() }"></div>
<div data-bind="css:{ 'exists-dashed-middle exists-dashed-last': observable() }"></div>
<div data-bind="css:{ 'exists-dashed-first exists-dashed-last': observable() }"></div>

<div data-bind="css: observable()"></div>

<div data-bind="attr: { href: url }, css:{ 'exists-dashed-last': observable({ object: {}, fun: false }) }, visible: true"></div>
