<div ng-class="{ single : vm.variable }"></div>
<div ng-class="{ 'dashed-only' : vm.variable }"></div>
<div ng-class="{ 'dashed-first dashed-last' : vm.variable }"></div>
<div ng-class="{ 'dashed-first dashed-middle dashed-last' : vm.variable }"></div>

<div ng-class="{ 'exists-single' : vm.variable }"></div>
<div ng-class="{ 'exists-dashed-only' : vm.variable }"></div>
<div ng-class="{ 'exists-dashed-first exists-dashed-last' : vm.variable }"></div>
<div ng-class="{ 'exists-dashed-first exists-dashed-middle exists-dashed-last' : vm.variable }"></div>

<div ng-class="{ 'exists-dashed-first' : vm.variable }"></div>
<div ng-class="{ 'exists-dashed-middle' : vm.variable }"></div>
<div ng-class="{ 'exists-dashed-last' : vm.variable }"></div>

<div ng-class="{ 'exists-dashed-first exists-dashed-middle' : vm.variable }"></div>
<div ng-class="{ 'exists-dashed-middle exists-dashed-last' : vm.variable }"></div>
<div ng-class="{ 'exists-dashed-first exists-dashed-last' : vm.variable }"></div>

<div></div>
<div ng-class="exists-only"></div>

<div ng-class="[first, middle, last]"></div>
<div ng-class="[first, exists-middle, last]"></div>
</div></div></div></div>
